*I,RUNLD: Successfully loaded run /home/student/fksiezyc/VDIC/lab02/run/cov_work/scope/lab01_example.
*I,MERGL1: Merging Simulation Coverage ...
----------------------------
*I,MERGL1: Preparing target model ...
*I,MERGL1: Reading model of primary run (cov_work/scope/lab01_example) as initial model: cov_work/scope/icc_637a0ad7_2c7ccd9c.ucm
*I,MERGL1: Target model generated successfully.
*I,MERGL1: Projecting Simulation ucd data into the target model ...
*I,MERGL2:   cov_work/scope/lab01_example:
*I,MERGL3:       Data is projected in to the target model.
*I,MERGL1: Writing output database cov_work/scope/merged_results:
*I,MERGL2:   Model: cov_work/scope/merged_results/icc_637a0ad7_2c7ccd9c.ucm
*I,MERGL2:   Data : cov_work/scope/merged_results/icc_637a0ad7_2c7ccd9c.ucd
*I,MERGL1: No Specman coverage databases found in the runs.
Total conflicts during target model creation: 0
Total items not merged                      : 0
Total runs not considered during target model creation: 0
Total runs not merged                                 : 0
*I,RUNLD: Successfully loaded run /home/student/fksiezyc/VDIC/lab02/run/cov_work/scope/merged_results.
*W,REPDEP: This is a legacy report and no future enhancement is planned for this report. It is recommended that you use the 'report_metrics' command and generate a dynamic report.
name                                     Overall Average      Overall Covered      Code Average         Code Covered         Fsm Average          Fsm Covered          Functional Average   Functional Covered   
-----------------------------------------------------------------------------------------------------------------------------------------------------------------------------------------------------------------
vdic_dut_2022_1_0_tb                     90.39%               82.09% (385/469/4)   80.77%               80.87% (355/439/4)   n/a                  n/a                  100.00%              100.00% (30/30)      
|--serial_ALU                            96.44%               96.44% (4739/4914/66) 96.44%               96.44% (4739/4914/66) n/a                  n/a                  n/a                  n/a                  
| |--\data_stack_mem_reg[0][0]           77.78%               84.62% (11/13/9)     77.78%               84.62% (11/13/9)     n/a                  n/a                  n/a                  n/a                  
| |--\data_stack_mem_reg[0][1]           77.78%               84.62% (11/13/9)     77.78%               84.62% (11/13/9)     n/a                  n/a                  n/a                  n/a                  
| |--\data_stack_mem_reg[0][2]           77.78%               84.62% (11/13/9)     77.78%               84.62% (11/13/9)     n/a                  n/a                  n/a                  n/a                  
| |--\data_stack_mem_reg[0][3]           77.78%               84.62% (11/13/9)     77.78%               84.62% (11/13/9)     n/a                  n/a                  n/a                  n/a                  
| |--\data_stack_mem_reg[0][4]           77.78%               84.62% (11/13/9)     77.78%               84.62% (11/13/9)     n/a                  n/a                  n/a                  n/a                  
| |--\data_stack_mem_reg[0][5]           77.78%               84.62% (11/13/9)     77.78%               84.62% (11/13/9)     n/a                  n/a                  n/a                  n/a                  
| |--\data_stack_mem_reg[0][6]           77.78%               84.62% (11/13/9)     77.78%               84.62% (11/13/9)     n/a                  n/a                  n/a                  n/a                  
| |--\data_stack_mem_reg[0][7]           77.78%               84.62% (11/13/9)     77.78%               84.62% (11/13/9)     n/a                  n/a                  n/a                  n/a                  
| |--\data_stack_mem_reg[1][0]           77.78%               84.62% (11/13/9)     77.78%               84.62% (11/13/9)     n/a                  n/a                  n/a                  n/a                  
| |--\data_stack_mem_reg[1][1]           77.78%               84.62% (11/13/9)     77.78%               84.62% (11/13/9)     n/a                  n/a                  n/a                  n/a                  
| |--\data_stack_mem_reg[1][2]           77.78%               84.62% (11/13/9)     77.78%               84.62% (11/13/9)     n/a                  n/a                  n/a                  n/a                  
| |--\data_stack_mem_reg[1][3]           77.78%               84.62% (11/13/9)     77.78%               84.62% (11/13/9)     n/a                  n/a                  n/a                  n/a                  
| |--\data_stack_mem_reg[1][4]           77.78%               84.62% (11/13/9)     77.78%               84.62% (11/13/9)     n/a                  n/a                  n/a                  n/a                  
| |--\data_stack_mem_reg[1][5]           77.78%               84.62% (11/13/9)     77.78%               84.62% (11/13/9)     n/a                  n/a                  n/a                  n/a                  
| |--\data_stack_mem_reg[1][6]           77.78%               84.62% (11/13/9)     77.78%               84.62% (11/13/9)     n/a                  n/a                  n/a                  n/a                  
| |--\data_stack_mem_reg[1][7]           77.78%               84.62% (11/13/9)     77.78%               84.62% (11/13/9)     n/a                  n/a                  n/a                  n/a                  
| |--\data_stack_mem_reg[2][0]           77.78%               84.62% (11/13/9)     77.78%               84.62% (11/13/9)     n/a                  n/a                  n/a                  n/a                  
| |--\data_stack_mem_reg[2][1]           77.78%               84.62% (11/13/9)     77.78%               84.62% (11/13/9)     n/a                  n/a                  n/a                  n/a                  
| |--\data_stack_mem_reg[2][2]           77.78%               84.62% (11/13/9)     77.78%               84.62% (11/13/9)     n/a                  n/a                  n/a                  n/a                  
| |--\data_stack_mem_reg[2][3]           77.78%               84.62% (11/13/9)     77.78%               84.62% (11/13/9)     n/a                  n/a                  n/a                  n/a                  
| |--\data_stack_mem_reg[2][4]           77.78%               84.62% (11/13/9)     77.78%               84.62% (11/13/9)     n/a                  n/a                  n/a                  n/a                  
| |--\data_stack_mem_reg[2][5]           77.78%               84.62% (11/13/9)     77.78%               84.62% (11/13/9)     n/a                  n/a                  n/a                  n/a                  
| |--\data_stack_mem_reg[2][6]           77.78%               84.62% (11/13/9)     77.78%               84.62% (11/13/9)     n/a                  n/a                  n/a                  n/a                  
| |--\data_stack_mem_reg[2][7]           77.78%               84.62% (11/13/9)     77.78%               84.62% (11/13/9)     n/a                  n/a                  n/a                  n/a                  
| |--\data_stack_mem_reg[3][0]           77.78%               84.62% (11/13/9)     77.78%               84.62% (11/13/9)     n/a                  n/a                  n/a                  n/a                  
| |--\data_stack_mem_reg[3][1]           77.78%               84.62% (11/13/9)     77.78%               84.62% (11/13/9)     n/a                  n/a                  n/a                  n/a                  
| |--\data_stack_mem_reg[3][2]           77.78%               84.62% (11/13/9)     77.78%               84.62% (11/13/9)     n/a                  n/a                  n/a                  n/a                  
| |--\data_stack_mem_reg[3][3]           77.78%               84.62% (11/13/9)     77.78%               84.62% (11/13/9)     n/a                  n/a                  n/a                  n/a                  
| |--\data_stack_mem_reg[3][4]           77.78%               84.62% (11/13/9)     77.78%               84.62% (11/13/9)     n/a                  n/a                  n/a                  n/a                  
| |--\data_stack_mem_reg[3][5]           77.78%               84.62% (11/13/9)     77.78%               84.62% (11/13/9)     n/a                  n/a                  n/a                  n/a                  
| |--\data_stack_mem_reg[3][6]           77.78%               84.62% (11/13/9)     77.78%               84.62% (11/13/9)     n/a                  n/a                  n/a                  n/a                  
| |--\data_stack_mem_reg[3][7]           77.78%               84.62% (11/13/9)     77.78%               84.62% (11/13/9)     n/a                  n/a                  n/a                  n/a                  
| |--\data_stack_mem_reg[4][0]           77.78%               84.62% (11/13/9)     77.78%               84.62% (11/13/9)     n/a                  n/a                  n/a                  n/a                  
| |--\data_stack_mem_reg[4][1]           77.78%               84.62% (11/13/9)     77.78%               84.62% (11/13/9)     n/a                  n/a                  n/a                  n/a                  
| |--\data_stack_mem_reg[4][2]           77.78%               84.62% (11/13/9)     77.78%               84.62% (11/13/9)     n/a                  n/a                  n/a                  n/a                  
| |--\data_stack_mem_reg[4][3]           77.78%               84.62% (11/13/9)     77.78%               84.62% (11/13/9)     n/a                  n/a                  n/a                  n/a                  
| |--\data_stack_mem_reg[4][4]           77.78%               84.62% (11/13/9)     77.78%               84.62% (11/13/9)     n/a                  n/a                  n/a                  n/a                  
| |--\data_stack_mem_reg[4][5]           77.78%               84.62% (11/13/9)     77.78%               84.62% (11/13/9)     n/a                  n/a                  n/a                  n/a                  
| |--\data_stack_mem_reg[4][6]           77.78%               84.62% (11/13/9)     77.78%               84.62% (11/13/9)     n/a                  n/a                  n/a                  n/a                  
| |--\data_stack_mem_reg[4][7]           77.78%               84.62% (11/13/9)     77.78%               84.62% (11/13/9)     n/a                  n/a                  n/a                  n/a                  
| |--\data_stack_mem_reg[5][0]           77.78%               84.62% (11/13/9)     77.78%               84.62% (11/13/9)     n/a                  n/a                  n/a                  n/a                  
| |--\data_stack_mem_reg[5][1]           77.78%               84.62% (11/13/9)     77.78%               84.62% (11/13/9)     n/a                  n/a                  n/a                  n/a                  
| |--\data_stack_mem_reg[5][2]           77.78%               84.62% (11/13/9)     77.78%               84.62% (11/13/9)     n/a                  n/a                  n/a                  n/a                  
| |--\data_stack_mem_reg[5][3]           77.78%               84.62% (11/13/9)     77.78%               84.62% (11/13/9)     n/a                  n/a                  n/a                  n/a                  
| |--\data_stack_mem_reg[5][4]           77.78%               84.62% (11/13/9)     77.78%               84.62% (11/13/9)     n/a                  n/a                  n/a                  n/a                  
| |--\data_stack_mem_reg[5][5]           77.78%               84.62% (11/13/9)     77.78%               84.62% (11/13/9)     n/a                  n/a                  n/a                  n/a                  
| |--\data_stack_mem_reg[5][6]           77.78%               84.62% (11/13/9)     77.78%               84.62% (11/13/9)     n/a                  n/a                  n/a                  n/a                  
| |--\data_stack_mem_reg[5][7]           77.78%               84.62% (11/13/9)     77.78%               84.62% (11/13/9)     n/a                  n/a                  n/a                  n/a                  
| |--\data_stack_mem_reg[6][0]           77.78%               84.62% (11/13/9)     77.78%               84.62% (11/13/9)     n/a                  n/a                  n/a                  n/a                  
| |--\data_stack_mem_reg[6][1]           77.78%               84.62% (11/13/9)     77.78%               84.62% (11/13/9)     n/a                  n/a                  n/a                  n/a                  
| |--\data_stack_mem_reg[6][2]           77.78%               84.62% (11/13/9)     77.78%               84.62% (11/13/9)     n/a                  n/a                  n/a                  n/a                  
| |--\data_stack_mem_reg[6][3]           77.78%               84.62% (11/13/9)     77.78%               84.62% (11/13/9)     n/a                  n/a                  n/a                  n/a                  
| |--\data_stack_mem_reg[6][4]           77.78%               84.62% (11/13/9)     77.78%               84.62% (11/13/9)     n/a                  n/a                  n/a                  n/a                  
| |--\data_stack_mem_reg[6][5]           77.78%               84.62% (11/13/9)     77.78%               84.62% (11/13/9)     n/a                  n/a                  n/a                  n/a                  
| |--\data_stack_mem_reg[6][6]           77.78%               84.62% (11/13/9)     77.78%               84.62% (11/13/9)     n/a                  n/a                  n/a                  n/a                  
| |--\data_stack_mem_reg[6][7]           77.78%               84.62% (11/13/9)     77.78%               84.62% (11/13/9)     n/a                  n/a                  n/a                  n/a                  
| |--\data_stack_mem_reg[7][0]           77.78%               84.62% (11/13/9)     77.78%               84.62% (11/13/9)     n/a                  n/a                  n/a                  n/a                  
| |--\data_stack_mem_reg[7][1]           77.78%               84.62% (11/13/9)     77.78%               84.62% (11/13/9)     n/a                  n/a                  n/a                  n/a                  
| |--\data_stack_mem_reg[7][2]           77.78%               84.62% (11/13/9)     77.78%               84.62% (11/13/9)     n/a                  n/a                  n/a                  n/a                  
| |--\data_stack_mem_reg[7][3]           77.78%               84.62% (11/13/9)     77.78%               84.62% (11/13/9)     n/a                  n/a                  n/a                  n/a                  
| |--\data_stack_mem_reg[7][4]           77.78%               84.62% (11/13/9)     77.78%               84.62% (11/13/9)     n/a                  n/a                  n/a                  n/a                  
| |--\data_stack_mem_reg[7][5]           77.78%               84.62% (11/13/9)     77.78%               84.62% (11/13/9)     n/a                  n/a                  n/a                  n/a                  
| |--\data_stack_mem_reg[7][6]           77.78%               84.62% (11/13/9)     77.78%               84.62% (11/13/9)     n/a                  n/a                  n/a                  n/a                  
| |--\data_stack_mem_reg[7][7]           77.78%               84.62% (11/13/9)     77.78%               84.62% (11/13/9)     n/a                  n/a                  n/a                  n/a                  
| |--\data_stack_mem_reg[8][0]           77.78%               84.62% (11/13/9)     77.78%               84.62% (11/13/9)     n/a                  n/a                  n/a                  n/a                  
| |--\data_stack_mem_reg[8][1]           77.78%               84.62% (11/13/9)     77.78%               84.62% (11/13/9)     n/a                  n/a                  n/a                  n/a                  
| |--\data_stack_mem_reg[8][2]           77.78%               84.62% (11/13/9)     77.78%               84.62% (11/13/9)     n/a                  n/a                  n/a                  n/a                  
| |--\data_stack_mem_reg[8][3]           77.78%               84.62% (11/13/9)     77.78%               84.62% (11/13/9)     n/a                  n/a                  n/a                  n/a                  
| |--\data_stack_mem_reg[8][4]           77.78%               84.62% (11/13/9)     77.78%               84.62% (11/13/9)     n/a                  n/a                  n/a                  n/a                  
| |--\data_stack_mem_reg[8][5]           77.78%               84.62% (11/13/9)     77.78%               84.62% (11/13/9)     n/a                  n/a                  n/a                  n/a                  
| |--\data_stack_mem_reg[8][6]           77.78%               84.62% (11/13/9)     77.78%               84.62% (11/13/9)     n/a                  n/a                  n/a                  n/a                  
| |--\data_stack_mem_reg[8][7]           77.78%               84.62% (11/13/9)     77.78%               84.62% (11/13/9)     n/a                  n/a                  n/a                  n/a                  
| |--\data_stack_pointer_reg[0]          77.78%               84.62% (11/13/9)     77.78%               84.62% (11/13/9)     n/a                  n/a                  n/a                  n/a                  
| |--\data_stack_pointer_reg[1]          77.78%               84.62% (11/13/9)     77.78%               84.62% (11/13/9)     n/a                  n/a                  n/a                  n/a                  
| |--\data_stack_pointer_reg[2]          77.78%               84.62% (11/13/9)     77.78%               84.62% (11/13/9)     n/a                  n/a                  n/a                  n/a                  
| |--\data_stack_pointer_reg[3]          77.78%               84.62% (11/13/9)     77.78%               84.62% (11/13/9)     n/a                  n/a                  n/a                  n/a                  
| |--dout_valid_reg                      77.78%               84.62% (11/13/9)     77.78%               84.62% (11/13/9)     n/a                  n/a                  n/a                  n/a                  
| |--\out_fifo_read_pointer_reg[0]       77.78%               84.62% (11/13/9)     77.78%               84.62% (11/13/9)     n/a                  n/a                  n/a                  n/a                  
| |--\out_fifo_read_pointer_reg[1]       77.78%               84.62% (11/13/9)     77.78%               84.62% (11/13/9)     n/a                  n/a                  n/a                  n/a                  
| |--\out_fifo_read_pointer_reg[2]       77.78%               84.62% (11/13/9)     77.78%               84.62% (11/13/9)     n/a                  n/a                  n/a                  n/a                  
| |--\out_fifo_reg[0][0][0]              77.78%               84.62% (11/13/9)     77.78%               84.62% (11/13/9)     n/a                  n/a                  n/a                  n/a                  
| |--\out_fifo_reg[0][0][1]              77.78%               84.62% (11/13/9)     77.78%               84.62% (11/13/9)     n/a                  n/a                  n/a                  n/a                  
| |--\out_fifo_reg[0][0][2]              77.78%               84.62% (11/13/9)     77.78%               84.62% (11/13/9)     n/a                  n/a                  n/a                  n/a                  
| |--\out_fifo_reg[0][0][3]              77.78%               84.62% (11/13/9)     77.78%               84.62% (11/13/9)     n/a                  n/a                  n/a                  n/a                  
| |--\out_fifo_reg[0][0][4]              77.78%               84.62% (11/13/9)     77.78%               84.62% (11/13/9)     n/a                  n/a                  n/a                  n/a                  
| |--\out_fifo_reg[0][0][5]              77.78%               84.62% (11/13/9)     77.78%               84.62% (11/13/9)     n/a                  n/a                  n/a                  n/a                  
| |--\out_fifo_reg[0][0][6]              77.78%               84.62% (11/13/9)     77.78%               84.62% (11/13/9)     n/a                  n/a                  n/a                  n/a                  
| |--\out_fifo_reg[0][0][7]              77.78%               84.62% (11/13/9)     77.78%               84.62% (11/13/9)     n/a                  n/a                  n/a                  n/a                  
| |--\out_fifo_reg[0][0][8]              77.78%               84.62% (11/13/9)     77.78%               84.62% (11/13/9)     n/a                  n/a                  n/a                  n/a                  
| |--\out_fifo_reg[0][1][0]              77.78%               84.62% (11/13/9)     77.78%               84.62% (11/13/9)     n/a                  n/a                  n/a                  n/a                  
| |--\out_fifo_reg[0][1][1]              77.78%               84.62% (11/13/9)     77.78%               84.62% (11/13/9)     n/a                  n/a                  n/a                  n/a                  
| |--\out_fifo_reg[0][1][2]              77.78%               84.62% (11/13/9)     77.78%               84.62% (11/13/9)     n/a                  n/a                  n/a                  n/a                  
| |--\out_fifo_reg[0][1][3]              77.78%               84.62% (11/13/9)     77.78%               84.62% (11/13/9)     n/a                  n/a                  n/a                  n/a                  
| |--\out_fifo_reg[0][1][4]              77.78%               84.62% (11/13/9)     77.78%               84.62% (11/13/9)     n/a                  n/a                  n/a                  n/a                  
| |--\out_fifo_reg[0][1][5]              77.78%               84.62% (11/13/9)     77.78%               84.62% (11/13/9)     n/a                  n/a                  n/a                  n/a                  
| |--\out_fifo_reg[0][1][6]              77.78%               84.62% (11/13/9)     77.78%               84.62% (11/13/9)     n/a                  n/a                  n/a                  n/a                  
| |--\out_fifo_reg[0][1][7]              77.78%               84.62% (11/13/9)     77.78%               84.62% (11/13/9)     n/a                  n/a                  n/a                  n/a                  
| |--\out_fifo_reg[0][1][8]              77.78%               84.62% (11/13/9)     77.78%               84.62% (11/13/9)     n/a                  n/a                  n/a                  n/a                  
| |--\out_fifo_reg[0][2][0]              77.78%               84.62% (11/13/9)     77.78%               84.62% (11/13/9)     n/a                  n/a                  n/a                  n/a                  
| |--\out_fifo_reg[0][2][1]              61.11%               69.23% (9/13/9)      61.11%               69.23% (9/13/9)      n/a                  n/a                  n/a                  n/a                  
| |--\out_fifo_reg[0][2][8]              77.78%               84.62% (11/13/9)     77.78%               84.62% (11/13/9)     n/a                  n/a                  n/a                  n/a                  
| |--\out_fifo_reg[0][2][9]              77.78%               87.50% (14/16/6)     77.78%               87.50% (14/16/6)     n/a                  n/a                  n/a                  n/a                  
| |--\out_fifo_reg[1][0][0]              77.78%               84.62% (11/13/9)     77.78%               84.62% (11/13/9)     n/a                  n/a                  n/a                  n/a                  
| |--\out_fifo_reg[1][0][1]              77.78%               84.62% (11/13/9)     77.78%               84.62% (11/13/9)     n/a                  n/a                  n/a                  n/a                  
| |--\out_fifo_reg[1][0][2]              77.78%               84.62% (11/13/9)     77.78%               84.62% (11/13/9)     n/a                  n/a                  n/a                  n/a                  
| |--\out_fifo_reg[1][0][3]              77.78%               84.62% (11/13/9)     77.78%               84.62% (11/13/9)     n/a                  n/a                  n/a                  n/a                  
| |--\out_fifo_reg[1][0][4]              77.78%               84.62% (11/13/9)     77.78%               84.62% (11/13/9)     n/a                  n/a                  n/a                  n/a                  
| |--\out_fifo_reg[1][0][5]              77.78%               84.62% (11/13/9)     77.78%               84.62% (11/13/9)     n/a                  n/a                  n/a                  n/a                  
| |--\out_fifo_reg[1][0][6]              77.78%               84.62% (11/13/9)     77.78%               84.62% (11/13/9)     n/a                  n/a                  n/a                  n/a                  
| |--\out_fifo_reg[1][0][7]              77.78%               84.62% (11/13/9)     77.78%               84.62% (11/13/9)     n/a                  n/a                  n/a                  n/a                  
| |--\out_fifo_reg[1][0][8]              77.78%               84.62% (11/13/9)     77.78%               84.62% (11/13/9)     n/a                  n/a                  n/a                  n/a                  
| |--\out_fifo_reg[1][1][0]              77.78%               84.62% (11/13/9)     77.78%               84.62% (11/13/9)     n/a                  n/a                  n/a                  n/a                  
| |--\out_fifo_reg[1][1][1]              77.78%               84.62% (11/13/9)     77.78%               84.62% (11/13/9)     n/a                  n/a                  n/a                  n/a                  
| |--\out_fifo_reg[1][1][2]              52.78%               61.54% (8/13/9)      52.78%               61.54% (8/13/9)      n/a                  n/a                  n/a                  n/a                  
| |--\out_fifo_reg[1][1][3]              77.78%               84.62% (11/13/9)     77.78%               84.62% (11/13/9)     n/a                  n/a                  n/a                  n/a                  
| |--\out_fifo_reg[1][1][4]              77.78%               84.62% (11/13/9)     77.78%               84.62% (11/13/9)     n/a                  n/a                  n/a                  n/a                  
| |--\out_fifo_reg[1][1][5]              77.78%               84.62% (11/13/9)     77.78%               84.62% (11/13/9)     n/a                  n/a                  n/a                  n/a                  
| |--\out_fifo_reg[1][1][6]              77.78%               84.62% (11/13/9)     77.78%               84.62% (11/13/9)     n/a                  n/a                  n/a                  n/a                  
| |--\out_fifo_reg[1][1][7]              77.78%               84.62% (11/13/9)     77.78%               84.62% (11/13/9)     n/a                  n/a                  n/a                  n/a                  
| |--\out_fifo_reg[1][1][8]              77.78%               84.62% (11/13/9)     77.78%               84.62% (11/13/9)     n/a                  n/a                  n/a                  n/a                  
| |--\out_fifo_reg[1][2][0]              77.78%               84.62% (11/13/9)     77.78%               84.62% (11/13/9)     n/a                  n/a                  n/a                  n/a                  
| |--\out_fifo_reg[1][2][1]              61.11%               69.23% (9/13/9)      61.11%               69.23% (9/13/9)      n/a                  n/a                  n/a                  n/a                  
| |--\out_fifo_reg[1][2][8]              77.78%               84.62% (11/13/9)     77.78%               84.62% (11/13/9)     n/a                  n/a                  n/a                  n/a                  
| |--\out_fifo_reg[1][2][9]              77.78%               87.50% (14/16/6)     77.78%               87.50% (14/16/6)     n/a                  n/a                  n/a                  n/a                  
| |--\out_fifo_reg[2][0][0]              77.78%               84.62% (11/13/9)     77.78%               84.62% (11/13/9)     n/a                  n/a                  n/a                  n/a                  
| |--\out_fifo_reg[2][0][1]              77.78%               84.62% (11/13/9)     77.78%               84.62% (11/13/9)     n/a                  n/a                  n/a                  n/a                  
| |--\out_fifo_reg[2][0][2]              77.78%               84.62% (11/13/9)     77.78%               84.62% (11/13/9)     n/a                  n/a                  n/a                  n/a                  
| |--\out_fifo_reg[2][0][3]              77.78%               84.62% (11/13/9)     77.78%               84.62% (11/13/9)     n/a                  n/a                  n/a                  n/a                  
| |--\out_fifo_reg[2][0][4]              77.78%               84.62% (11/13/9)     77.78%               84.62% (11/13/9)     n/a                  n/a                  n/a                  n/a                  
| |--\out_fifo_reg[2][0][5]              77.78%               84.62% (11/13/9)     77.78%               84.62% (11/13/9)     n/a                  n/a                  n/a                  n/a                  
| |--\out_fifo_reg[2][0][6]              77.78%               84.62% (11/13/9)     77.78%               84.62% (11/13/9)     n/a                  n/a                  n/a                  n/a                  
| |--\out_fifo_reg[2][0][7]              77.78%               84.62% (11/13/9)     77.78%               84.62% (11/13/9)     n/a                  n/a                  n/a                  n/a                  
| |--\out_fifo_reg[2][0][8]              77.78%               84.62% (11/13/9)     77.78%               84.62% (11/13/9)     n/a                  n/a                  n/a                  n/a                  
| |--\out_fifo_reg[2][1][0]              77.78%               84.62% (11/13/9)     77.78%               84.62% (11/13/9)     n/a                  n/a                  n/a                  n/a                  
| |--\out_fifo_reg[2][1][1]              77.78%               84.62% (11/13/9)     77.78%               84.62% (11/13/9)     n/a                  n/a                  n/a                  n/a                  
| |--\out_fifo_reg[2][1][2]              52.78%               61.54% (8/13/9)      52.78%               61.54% (8/13/9)      n/a                  n/a                  n/a                  n/a                  
| |--\out_fifo_reg[2][1][3]              77.78%               84.62% (11/13/9)     77.78%               84.62% (11/13/9)     n/a                  n/a                  n/a                  n/a                  
| |--\out_fifo_reg[2][1][4]              77.78%               84.62% (11/13/9)     77.78%               84.62% (11/13/9)     n/a                  n/a                  n/a                  n/a                  
| |--\out_fifo_reg[2][1][5]              77.78%               84.62% (11/13/9)     77.78%               84.62% (11/13/9)     n/a                  n/a                  n/a                  n/a                  
| |--\out_fifo_reg[2][1][6]              77.78%               84.62% (11/13/9)     77.78%               84.62% (11/13/9)     n/a                  n/a                  n/a                  n/a                  
| |--\out_fifo_reg[2][1][7]              77.78%               84.62% (11/13/9)     77.78%               84.62% (11/13/9)     n/a                  n/a                  n/a                  n/a                  
| |--\out_fifo_reg[2][1][8]              77.78%               84.62% (11/13/9)     77.78%               84.62% (11/13/9)     n/a                  n/a                  n/a                  n/a                  
| |--\out_fifo_reg[2][2][0]              77.78%               84.62% (11/13/9)     77.78%               84.62% (11/13/9)     n/a                  n/a                  n/a                  n/a                  
| |--\out_fifo_reg[2][2][1]              61.11%               69.23% (9/13/9)      61.11%               69.23% (9/13/9)      n/a                  n/a                  n/a                  n/a                  
| |--\out_fifo_reg[2][2][8]              77.78%               84.62% (11/13/9)     77.78%               84.62% (11/13/9)     n/a                  n/a                  n/a                  n/a                  
| |--\out_fifo_reg[2][2][9]              77.78%               87.50% (14/16/6)     77.78%               87.50% (14/16/6)     n/a                  n/a                  n/a                  n/a                  
| |--\out_fifo_reg[3][0][0]              77.78%               84.62% (11/13/9)     77.78%               84.62% (11/13/9)     n/a                  n/a                  n/a                  n/a                  
| |--\out_fifo_reg[3][0][1]              77.78%               84.62% (11/13/9)     77.78%               84.62% (11/13/9)     n/a                  n/a                  n/a                  n/a                  
| |--\out_fifo_reg[3][0][2]              77.78%               84.62% (11/13/9)     77.78%               84.62% (11/13/9)     n/a                  n/a                  n/a                  n/a                  
| |--\out_fifo_reg[3][0][3]              77.78%               84.62% (11/13/9)     77.78%               84.62% (11/13/9)     n/a                  n/a                  n/a                  n/a                  
| |--\out_fifo_reg[3][0][4]              77.78%               84.62% (11/13/9)     77.78%               84.62% (11/13/9)     n/a                  n/a                  n/a                  n/a                  
| |--\out_fifo_reg[3][0][5]              77.78%               84.62% (11/13/9)     77.78%               84.62% (11/13/9)     n/a                  n/a                  n/a                  n/a                  
| |--\out_fifo_reg[3][0][6]              77.78%               84.62% (11/13/9)     77.78%               84.62% (11/13/9)     n/a                  n/a                  n/a                  n/a                  
| |--\out_fifo_reg[3][0][7]              77.78%               84.62% (11/13/9)     77.78%               84.62% (11/13/9)     n/a                  n/a                  n/a                  n/a                  
| |--\out_fifo_reg[3][0][8]              77.78%               84.62% (11/13/9)     77.78%               84.62% (11/13/9)     n/a                  n/a                  n/a                  n/a                  
| |--\out_fifo_reg[3][1][0]              52.78%               61.54% (8/13/9)      52.78%               61.54% (8/13/9)      n/a                  n/a                  n/a                  n/a                  
| |--\out_fifo_reg[3][1][1]              77.78%               84.62% (11/13/9)     77.78%               84.62% (11/13/9)     n/a                  n/a                  n/a                  n/a                  
| |--\out_fifo_reg[3][1][2]              52.78%               61.54% (8/13/9)      52.78%               61.54% (8/13/9)      n/a                  n/a                  n/a                  n/a                  
| |--\out_fifo_reg[3][1][3]              52.78%               61.54% (8/13/9)      52.78%               61.54% (8/13/9)      n/a                  n/a                  n/a                  n/a                  
| |--\out_fifo_reg[3][1][4]              77.78%               84.62% (11/13/9)     77.78%               84.62% (11/13/9)     n/a                  n/a                  n/a                  n/a                  
| |--\out_fifo_reg[3][1][5]              77.78%               84.62% (11/13/9)     77.78%               84.62% (11/13/9)     n/a                  n/a                  n/a                  n/a                  
| |--\out_fifo_reg[3][1][6]              77.78%               84.62% (11/13/9)     77.78%               84.62% (11/13/9)     n/a                  n/a                  n/a                  n/a                  
| |--\out_fifo_reg[3][1][7]              77.78%               84.62% (11/13/9)     77.78%               84.62% (11/13/9)     n/a                  n/a                  n/a                  n/a                  
| |--\out_fifo_reg[3][1][8]              77.78%               84.62% (11/13/9)     77.78%               84.62% (11/13/9)     n/a                  n/a                  n/a                  n/a                  
| |--\out_fifo_reg[3][2][0]              77.78%               84.62% (11/13/9)     77.78%               84.62% (11/13/9)     n/a                  n/a                  n/a                  n/a                  
| |--\out_fifo_reg[3][2][1]              61.11%               69.23% (9/13/9)      61.11%               69.23% (9/13/9)      n/a                  n/a                  n/a                  n/a                  
| |--\out_fifo_reg[3][2][8]              77.78%               84.62% (11/13/9)     77.78%               84.62% (11/13/9)     n/a                  n/a                  n/a                  n/a                  
| |--\out_fifo_reg[3][2][9]              77.78%               87.50% (14/16/6)     77.78%               87.50% (14/16/6)     n/a                  n/a                  n/a                  n/a                  
| |--\out_fifo_reg[4][0][0]              77.78%               84.62% (11/13/9)     77.78%               84.62% (11/13/9)     n/a                  n/a                  n/a                  n/a                  
| |--\out_fifo_reg[4][0][1]              77.78%               84.62% (11/13/9)     77.78%               84.62% (11/13/9)     n/a                  n/a                  n/a                  n/a                  
| |--\out_fifo_reg[4][0][2]              77.78%               84.62% (11/13/9)     77.78%               84.62% (11/13/9)     n/a                  n/a                  n/a                  n/a                  
| |--\out_fifo_reg[4][0][3]              77.78%               84.62% (11/13/9)     77.78%               84.62% (11/13/9)     n/a                  n/a                  n/a                  n/a                  
| |--\out_fifo_reg[4][0][4]              77.78%               84.62% (11/13/9)     77.78%               84.62% (11/13/9)     n/a                  n/a                  n/a                  n/a                  
| |--\out_fifo_reg[4][0][5]              77.78%               84.62% (11/13/9)     77.78%               84.62% (11/13/9)     n/a                  n/a                  n/a                  n/a                  
| |--\out_fifo_reg[4][0][6]              77.78%               84.62% (11/13/9)     77.78%               84.62% (11/13/9)     n/a                  n/a                  n/a                  n/a                  
| |--\out_fifo_reg[4][0][7]              77.78%               84.62% (11/13/9)     77.78%               84.62% (11/13/9)     n/a                  n/a                  n/a                  n/a                  
| |--\out_fifo_reg[4][0][8]              77.78%               84.62% (11/13/9)     77.78%               84.62% (11/13/9)     n/a                  n/a                  n/a                  n/a                  
| |--\out_fifo_reg[4][1][0]              77.78%               84.62% (11/13/9)     77.78%               84.62% (11/13/9)     n/a                  n/a                  n/a                  n/a                  
| |--\out_fifo_reg[4][1][1]              77.78%               84.62% (11/13/9)     77.78%               84.62% (11/13/9)     n/a                  n/a                  n/a                  n/a                  
| |--\out_fifo_reg[4][1][2]              52.78%               61.54% (8/13/9)      52.78%               61.54% (8/13/9)      n/a                  n/a                  n/a                  n/a                  
| |--\out_fifo_reg[4][1][3]              77.78%               84.62% (11/13/9)     77.78%               84.62% (11/13/9)     n/a                  n/a                  n/a                  n/a                  
| |--\out_fifo_reg[4][1][4]              77.78%               84.62% (11/13/9)     77.78%               84.62% (11/13/9)     n/a                  n/a                  n/a                  n/a                  
| |--\out_fifo_reg[4][1][5]              77.78%               84.62% (11/13/9)     77.78%               84.62% (11/13/9)     n/a                  n/a                  n/a                  n/a                  
| |--\out_fifo_reg[4][1][6]              77.78%               84.62% (11/13/9)     77.78%               84.62% (11/13/9)     n/a                  n/a                  n/a                  n/a                  
| |--\out_fifo_reg[4][1][7]              77.78%               84.62% (11/13/9)     77.78%               84.62% (11/13/9)     n/a                  n/a                  n/a                  n/a                  
| |--\out_fifo_reg[4][1][8]              77.78%               84.62% (11/13/9)     77.78%               84.62% (11/13/9)     n/a                  n/a                  n/a                  n/a                  
| |--\out_fifo_reg[4][2][0]              77.78%               84.62% (11/13/9)     77.78%               84.62% (11/13/9)     n/a                  n/a                  n/a                  n/a                  
| |--\out_fifo_reg[4][2][1]              61.11%               69.23% (9/13/9)      61.11%               69.23% (9/13/9)      n/a                  n/a                  n/a                  n/a                  
| |--\out_fifo_reg[4][2][8]              77.78%               84.62% (11/13/9)     77.78%               84.62% (11/13/9)     n/a                  n/a                  n/a                  n/a                  
| |--\out_fifo_reg[4][2][9]              77.78%               87.50% (14/16/6)     77.78%               87.50% (14/16/6)     n/a                  n/a                  n/a                  n/a                  
| |--\out_fifo_reg[5][0][0]              77.78%               84.62% (11/13/9)     77.78%               84.62% (11/13/9)     n/a                  n/a                  n/a                  n/a                  
| |--\out_fifo_reg[5][0][1]              77.78%               84.62% (11/13/9)     77.78%               84.62% (11/13/9)     n/a                  n/a                  n/a                  n/a                  
| |--\out_fifo_reg[5][0][2]              77.78%               84.62% (11/13/9)     77.78%               84.62% (11/13/9)     n/a                  n/a                  n/a                  n/a                  
| |--\out_fifo_reg[5][0][3]              77.78%               84.62% (11/13/9)     77.78%               84.62% (11/13/9)     n/a                  n/a                  n/a                  n/a                  
| |--\out_fifo_reg[5][0][4]              77.78%               84.62% (11/13/9)     77.78%               84.62% (11/13/9)     n/a                  n/a                  n/a                  n/a                  
| |--\out_fifo_reg[5][0][5]              77.78%               84.62% (11/13/9)     77.78%               84.62% (11/13/9)     n/a                  n/a                  n/a                  n/a                  
| |--\out_fifo_reg[5][0][6]              77.78%               84.62% (11/13/9)     77.78%               84.62% (11/13/9)     n/a                  n/a                  n/a                  n/a                  
| |--\out_fifo_reg[5][0][7]              77.78%               84.62% (11/13/9)     77.78%               84.62% (11/13/9)     n/a                  n/a                  n/a                  n/a                  
| |--\out_fifo_reg[5][0][8]              77.78%               84.62% (11/13/9)     77.78%               84.62% (11/13/9)     n/a                  n/a                  n/a                  n/a                  
| |--\out_fifo_reg[5][1][0]              52.78%               61.54% (8/13/9)      52.78%               61.54% (8/13/9)      n/a                  n/a                  n/a                  n/a                  
| |--\out_fifo_reg[5][1][1]              77.78%               84.62% (11/13/9)     77.78%               84.62% (11/13/9)     n/a                  n/a                  n/a                  n/a                  
| |--\out_fifo_reg[5][1][2]              52.78%               61.54% (8/13/9)      52.78%               61.54% (8/13/9)      n/a                  n/a                  n/a                  n/a                  
| |--\out_fifo_reg[5][1][3]              52.78%               61.54% (8/13/9)      52.78%               61.54% (8/13/9)      n/a                  n/a                  n/a                  n/a                  
| |--\out_fifo_reg[5][1][4]              77.78%               84.62% (11/13/9)     77.78%               84.62% (11/13/9)     n/a                  n/a                  n/a                  n/a                  
| |--\out_fifo_reg[5][1][5]              77.78%               84.62% (11/13/9)     77.78%               84.62% (11/13/9)     n/a                  n/a                  n/a                  n/a                  
| |--\out_fifo_reg[5][1][6]              77.78%               84.62% (11/13/9)     77.78%               84.62% (11/13/9)     n/a                  n/a                  n/a                  n/a                  
| |--\out_fifo_reg[5][1][7]              77.78%               84.62% (11/13/9)     77.78%               84.62% (11/13/9)     n/a                  n/a                  n/a                  n/a                  
| |--\out_fifo_reg[5][1][8]              77.78%               84.62% (11/13/9)     77.78%               84.62% (11/13/9)     n/a                  n/a                  n/a                  n/a                  
| |--\out_fifo_reg[5][2][0]              77.78%               84.62% (11/13/9)     77.78%               84.62% (11/13/9)     n/a                  n/a                  n/a                  n/a                  
| |--\out_fifo_reg[5][2][1]              61.11%               69.23% (9/13/9)      61.11%               69.23% (9/13/9)      n/a                  n/a                  n/a                  n/a                  
| |--\out_fifo_reg[5][2][8]              77.78%               84.62% (11/13/9)     77.78%               84.62% (11/13/9)     n/a                  n/a                  n/a                  n/a                  
| |--\out_fifo_reg[5][2][9]              77.78%               87.50% (14/16/6)     77.78%               87.50% (14/16/6)     n/a                  n/a                  n/a                  n/a                  
| |--\out_fifo_reg[6][0][0]              77.78%               84.62% (11/13/9)     77.78%               84.62% (11/13/9)     n/a                  n/a                  n/a                  n/a                  
| |--\out_fifo_reg[6][0][1]              77.78%               84.62% (11/13/9)     77.78%               84.62% (11/13/9)     n/a                  n/a                  n/a                  n/a                  
| |--\out_fifo_reg[6][0][2]              77.78%               84.62% (11/13/9)     77.78%               84.62% (11/13/9)     n/a                  n/a                  n/a                  n/a                  
| |--\out_fifo_reg[6][0][3]              77.78%               84.62% (11/13/9)     77.78%               84.62% (11/13/9)     n/a                  n/a                  n/a                  n/a                  
| |--\out_fifo_reg[6][0][4]              77.78%               84.62% (11/13/9)     77.78%               84.62% (11/13/9)     n/a                  n/a                  n/a                  n/a                  
| |--\out_fifo_reg[6][0][5]              77.78%               84.62% (11/13/9)     77.78%               84.62% (11/13/9)     n/a                  n/a                  n/a                  n/a                  
| |--\out_fifo_reg[6][0][6]              77.78%               84.62% (11/13/9)     77.78%               84.62% (11/13/9)     n/a                  n/a                  n/a                  n/a                  
| |--\out_fifo_reg[6][0][7]              77.78%               84.62% (11/13/9)     77.78%               84.62% (11/13/9)     n/a                  n/a                  n/a                  n/a                  
| |--\out_fifo_reg[6][0][8]              77.78%               84.62% (11/13/9)     77.78%               84.62% (11/13/9)     n/a                  n/a                  n/a                  n/a                  
| |--\out_fifo_reg[6][1][0]              52.78%               61.54% (8/13/9)      52.78%               61.54% (8/13/9)      n/a                  n/a                  n/a                  n/a                  
| |--\out_fifo_reg[6][1][1]              77.78%               84.62% (11/13/9)     77.78%               84.62% (11/13/9)     n/a                  n/a                  n/a                  n/a                  
| |--\out_fifo_reg[6][1][2]              77.78%               84.62% (11/13/9)     77.78%               84.62% (11/13/9)     n/a                  n/a                  n/a                  n/a                  
| |--\out_fifo_reg[6][1][3]              52.78%               61.54% (8/13/9)      52.78%               61.54% (8/13/9)      n/a                  n/a                  n/a                  n/a                  
| |--\out_fifo_reg[6][1][4]              52.78%               61.54% (8/13/9)      52.78%               61.54% (8/13/9)      n/a                  n/a                  n/a                  n/a                  
| |--\out_fifo_reg[6][1][5]              52.78%               61.54% (8/13/9)      52.78%               61.54% (8/13/9)      n/a                  n/a                  n/a                  n/a                  
| |--\out_fifo_reg[6][1][6]              52.78%               61.54% (8/13/9)      52.78%               61.54% (8/13/9)      n/a                  n/a                  n/a                  n/a                  
| |--\out_fifo_reg[6][1][7]              52.78%               61.54% (8/13/9)      52.78%               61.54% (8/13/9)      n/a                  n/a                  n/a                  n/a                  
| |--\out_fifo_reg[6][1][8]              52.78%               61.54% (8/13/9)      52.78%               61.54% (8/13/9)      n/a                  n/a                  n/a                  n/a                  
| |--\out_fifo_reg[6][2][0]              77.78%               84.62% (11/13/9)     77.78%               84.62% (11/13/9)     n/a                  n/a                  n/a                  n/a                  
| |--\out_fifo_reg[6][2][1]              61.11%               69.23% (9/13/9)      61.11%               69.23% (9/13/9)      n/a                  n/a                  n/a                  n/a                  
| |--\out_fifo_reg[6][2][8]              61.11%               69.23% (9/13/9)      61.11%               69.23% (9/13/9)      n/a                  n/a                  n/a                  n/a                  
| |--\out_fifo_reg[6][2][9]              77.78%               87.50% (14/16/6)     77.78%               87.50% (14/16/6)     n/a                  n/a                  n/a                  n/a                  
| |--\out_fifo_reg[7][0][0]              77.78%               84.62% (11/13/9)     77.78%               84.62% (11/13/9)     n/a                  n/a                  n/a                  n/a                  
| |--\out_fifo_reg[7][0][1]              77.78%               84.62% (11/13/9)     77.78%               84.62% (11/13/9)     n/a                  n/a                  n/a                  n/a                  
| |--\out_fifo_reg[7][0][2]              77.78%               84.62% (11/13/9)     77.78%               84.62% (11/13/9)     n/a                  n/a                  n/a                  n/a                  
| |--\out_fifo_reg[7][0][3]              77.78%               84.62% (11/13/9)     77.78%               84.62% (11/13/9)     n/a                  n/a                  n/a                  n/a                  
| |--\out_fifo_reg[7][0][4]              77.78%               84.62% (11/13/9)     77.78%               84.62% (11/13/9)     n/a                  n/a                  n/a                  n/a                  
| |--\out_fifo_reg[7][0][5]              77.78%               84.62% (11/13/9)     77.78%               84.62% (11/13/9)     n/a                  n/a                  n/a                  n/a                  
| |--\out_fifo_reg[7][0][6]              77.78%               84.62% (11/13/9)     77.78%               84.62% (11/13/9)     n/a                  n/a                  n/a                  n/a                  
| |--\out_fifo_reg[7][0][7]              77.78%               84.62% (11/13/9)     77.78%               84.62% (11/13/9)     n/a                  n/a                  n/a                  n/a                  
| |--\out_fifo_reg[7][0][8]              77.78%               84.62% (11/13/9)     77.78%               84.62% (11/13/9)     n/a                  n/a                  n/a                  n/a                  
| |--\out_fifo_reg[7][1][0]              77.78%               84.62% (11/13/9)     77.78%               84.62% (11/13/9)     n/a                  n/a                  n/a                  n/a                  
| |--\out_fifo_reg[7][1][1]              77.78%               84.62% (11/13/9)     77.78%               84.62% (11/13/9)     n/a                  n/a                  n/a                  n/a                  
| |--\out_fifo_reg[7][1][2]              52.78%               61.54% (8/13/9)      52.78%               61.54% (8/13/9)      n/a                  n/a                  n/a                  n/a                  
| |--\out_fifo_reg[7][1][3]              77.78%               84.62% (11/13/9)     77.78%               84.62% (11/13/9)     n/a                  n/a                  n/a                  n/a                  
| |--\out_fifo_reg[7][1][4]              77.78%               84.62% (11/13/9)     77.78%               84.62% (11/13/9)     n/a                  n/a                  n/a                  n/a                  
| |--\out_fifo_reg[7][1][5]              77.78%               84.62% (11/13/9)     77.78%               84.62% (11/13/9)     n/a                  n/a                  n/a                  n/a                  
| |--\out_fifo_reg[7][1][6]              77.78%               84.62% (11/13/9)     77.78%               84.62% (11/13/9)     n/a                  n/a                  n/a                  n/a                  
| |--\out_fifo_reg[7][1][7]              77.78%               84.62% (11/13/9)     77.78%               84.62% (11/13/9)     n/a                  n/a                  n/a                  n/a                  
| |--\out_fifo_reg[7][1][8]              77.78%               84.62% (11/13/9)     77.78%               84.62% (11/13/9)     n/a                  n/a                  n/a                  n/a                  
| |--\out_fifo_reg[7][2][0]              77.78%               84.62% (11/13/9)     77.78%               84.62% (11/13/9)     n/a                  n/a                  n/a                  n/a                  
| |--\out_fifo_reg[7][2][1]              61.11%               69.23% (9/13/9)      61.11%               69.23% (9/13/9)      n/a                  n/a                  n/a                  n/a                  
| |--\out_fifo_reg[7][2][8]              61.11%               69.23% (9/13/9)      61.11%               69.23% (9/13/9)      n/a                  n/a                  n/a                  n/a                  
| |--\out_fifo_reg[7][2][9]              77.78%               87.50% (14/16/6)     77.78%               87.50% (14/16/6)     n/a                  n/a                  n/a                  n/a                  
| |--\out_fifo_write_pointer_reg[0]      77.78%               84.62% (11/13/9)     77.78%               84.62% (11/13/9)     n/a                  n/a                  n/a                  n/a                  
| |--\out_fifo_write_pointer_reg[1]      77.78%               84.62% (11/13/9)     77.78%               84.62% (11/13/9)     n/a                  n/a                  n/a                  n/a                  
| |--\out_fifo_write_pointer_reg[2]      77.78%               84.62% (11/13/9)     77.78%               84.62% (11/13/9)     n/a                  n/a                  n/a                  n/a                  
| |--\sh_bit_cnt_reg[0]                  77.78%               84.62% (11/13/9)     77.78%               84.62% (11/13/9)     n/a                  n/a                  n/a                  n/a                  
| |--\sh_bit_cnt_reg[1]                  77.78%               84.62% (11/13/9)     77.78%               84.62% (11/13/9)     n/a                  n/a                  n/a                  n/a                  
| |--\sh_bit_cnt_reg[2]                  77.78%               84.62% (11/13/9)     77.78%               84.62% (11/13/9)     n/a                  n/a                  n/a                  n/a                  
| |--\sh_bit_cnt_reg[3]                  77.78%               84.62% (11/13/9)     77.78%               84.62% (11/13/9)     n/a                  n/a                  n/a                  n/a                  
| |--\sh_reg_in_reg[0]                   77.78%               88.24% (15/17/5)     77.78%               88.24% (15/17/5)     n/a                  n/a                  n/a                  n/a                  
| |--\sh_reg_in_reg[1]                   77.78%               88.24% (15/17/5)     77.78%               88.24% (15/17/5)     n/a                  n/a                  n/a                  n/a                  
| |--\sh_reg_in_reg[2]                   77.78%               88.24% (15/17/5)     77.78%               88.24% (15/17/5)     n/a                  n/a                  n/a                  n/a                  
| |--\sh_reg_in_reg[3]                   77.78%               88.24% (15/17/5)     77.78%               88.24% (15/17/5)     n/a                  n/a                  n/a                  n/a                  
| |--\sh_reg_in_reg[4]                   77.78%               88.24% (15/17/5)     77.78%               88.24% (15/17/5)     n/a                  n/a                  n/a                  n/a                  
| |--\sh_reg_in_reg[5]                   77.78%               88.24% (15/17/5)     77.78%               88.24% (15/17/5)     n/a                  n/a                  n/a                  n/a                  
| |--\sh_reg_in_reg[6]                   77.78%               88.24% (15/17/5)     77.78%               88.24% (15/17/5)     n/a                  n/a                  n/a                  n/a                  
| |--\sh_reg_in_reg[7]                   77.78%               88.24% (15/17/5)     77.78%               88.24% (15/17/5)     n/a                  n/a                  n/a                  n/a                  
| |--\sh_reg_in_reg[8]                   77.78%               88.24% (15/17/5)     77.78%               88.24% (15/17/5)     n/a                  n/a                  n/a                  n/a                  
| |--\sh_reg_out_bit_counter_reg[0]      77.78%               84.62% (11/13/9)     77.78%               84.62% (11/13/9)     n/a                  n/a                  n/a                  n/a                  
| |--\sh_reg_out_bit_counter_reg[1]      77.78%               84.62% (11/13/9)     77.78%               84.62% (11/13/9)     n/a                  n/a                  n/a                  n/a                  
| |--\sh_reg_out_bit_counter_reg[2]      77.78%               84.62% (11/13/9)     77.78%               84.62% (11/13/9)     n/a                  n/a                  n/a                  n/a                  
| |--\sh_reg_out_bit_counter_reg[3]      77.78%               84.62% (11/13/9)     77.78%               84.62% (11/13/9)     n/a                  n/a                  n/a                  n/a                  
| |--\sh_reg_out_bit_counter_reg[4]      77.78%               84.62% (11/13/9)     77.78%               84.62% (11/13/9)     n/a                  n/a                  n/a                  n/a                  
| |--\sh_reg_out_reg[0]                  77.78%               84.62% (11/13/9)     77.78%               84.62% (11/13/9)     n/a                  n/a                  n/a                  n/a                  
| |--\sh_reg_out_reg[1]                  77.78%               84.62% (11/13/9)     77.78%               84.62% (11/13/9)     n/a                  n/a                  n/a                  n/a                  
| |--\sh_reg_out_reg[2]                  77.78%               84.62% (11/13/9)     77.78%               84.62% (11/13/9)     n/a                  n/a                  n/a                  n/a                  
| |--\sh_reg_out_reg[3]                  77.78%               84.62% (11/13/9)     77.78%               84.62% (11/13/9)     n/a                  n/a                  n/a                  n/a                  
| |--\sh_reg_out_reg[4]                  77.78%               84.62% (11/13/9)     77.78%               84.62% (11/13/9)     n/a                  n/a                  n/a                  n/a                  
| |--\sh_reg_out_reg[5]                  77.78%               84.62% (11/13/9)     77.78%               84.62% (11/13/9)     n/a                  n/a                  n/a                  n/a                  
| |--\sh_reg_out_reg[6]                  77.78%               84.62% (11/13/9)     77.78%               84.62% (11/13/9)     n/a                  n/a                  n/a                  n/a                  
| |--\sh_reg_out_reg[7]                  77.78%               84.62% (11/13/9)     77.78%               84.62% (11/13/9)     n/a                  n/a                  n/a                  n/a                  
| |--\sh_reg_out_reg[8]                  77.78%               84.62% (11/13/9)     77.78%               84.62% (11/13/9)     n/a                  n/a                  n/a                  n/a                  
| |--\sh_reg_out_reg[9]                  77.78%               84.62% (11/13/9)     77.78%               84.62% (11/13/9)     n/a                  n/a                  n/a                  n/a                  
| |--\sh_reg_out_reg[10]                 77.78%               84.62% (11/13/9)     77.78%               84.62% (11/13/9)     n/a                  n/a                  n/a                  n/a                  
| |--\sh_reg_out_reg[11]                 77.78%               84.62% (11/13/9)     77.78%               84.62% (11/13/9)     n/a                  n/a                  n/a                  n/a                  
| |--\sh_reg_out_reg[12]                 77.78%               84.62% (11/13/9)     77.78%               84.62% (11/13/9)     n/a                  n/a                  n/a                  n/a                  
| |--\sh_reg_out_reg[13]                 77.78%               84.62% (11/13/9)     77.78%               84.62% (11/13/9)     n/a                  n/a                  n/a                  n/a                  
| |--\sh_reg_out_reg[14]                 77.78%               84.62% (11/13/9)     77.78%               84.62% (11/13/9)     n/a                  n/a                  n/a                  n/a                  
| |--\sh_reg_out_reg[15]                 77.78%               84.62% (11/13/9)     77.78%               84.62% (11/13/9)     n/a                  n/a                  n/a                  n/a                  
| |--\sh_reg_out_reg[16]                 77.78%               84.62% (11/13/9)     77.78%               84.62% (11/13/9)     n/a                  n/a                  n/a                  n/a                  
| |--\sh_reg_out_reg[17]                 77.78%               84.62% (11/13/9)     77.78%               84.62% (11/13/9)     n/a                  n/a                  n/a                  n/a                  
| |--\sh_reg_out_reg[18]                 77.78%               84.62% (11/13/9)     77.78%               84.62% (11/13/9)     n/a                  n/a                  n/a                  n/a                  
| |--\sh_reg_out_reg[19]                 77.78%               84.62% (11/13/9)     77.78%               84.62% (11/13/9)     n/a                  n/a                  n/a                  n/a                  
| |--\sh_reg_out_reg[20]                 77.78%               84.62% (11/13/9)     77.78%               84.62% (11/13/9)     n/a                  n/a                  n/a                  n/a                  
| |--\sh_reg_out_reg[21]                 77.78%               84.62% (11/13/9)     77.78%               84.62% (11/13/9)     n/a                  n/a                  n/a                  n/a                  
| |--\sh_reg_out_reg[22]                 77.78%               84.62% (11/13/9)     77.78%               84.62% (11/13/9)     n/a                  n/a                  n/a                  n/a                  
| |--\sh_reg_out_reg[23]                 77.78%               84.62% (11/13/9)     77.78%               84.62% (11/13/9)     n/a                  n/a                  n/a                  n/a                  
| |--\sh_reg_out_reg[24]                 77.78%               84.62% (11/13/9)     77.78%               84.62% (11/13/9)     n/a                  n/a                  n/a                  n/a                  
| |--\sh_reg_out_reg[25]                 77.78%               84.62% (11/13/9)     77.78%               84.62% (11/13/9)     n/a                  n/a                  n/a                  n/a                  
| |--\sh_reg_out_reg[26]                 77.78%               84.62% (11/13/9)     77.78%               84.62% (11/13/9)     n/a                  n/a                  n/a                  n/a                  
| |--\sh_reg_out_reg[27]                 77.78%               84.62% (11/13/9)     77.78%               84.62% (11/13/9)     n/a                  n/a                  n/a                  n/a                  
| |--\sh_reg_out_reg[28]                 77.78%               84.62% (11/13/9)     77.78%               84.62% (11/13/9)     n/a                  n/a                  n/a                  n/a                  
| |--\sh_reg_out_reg[29]                 77.78%               84.62% (11/13/9)     77.78%               84.62% (11/13/9)     n/a                  n/a                  n/a                  n/a                  
